../Core/Src/main.c:81:5:_write	32	static
../Core/Src/main.c:100:6:prinLedStatus	16	static
../Core/Src/main.c:116:6:HandleButtons	16	static
../Core/Src/main.c:136:6:HAL_GPIO_EXTI_Callback	16	static
../Core/Src/main.c:142:6:handlSlideSwitch	16	static
../Core/Src/main.c:156:6:RGB_SetColor	16	static
../Core/Src/main.c:163:6:Buzzer_SetDuty	16	static
../Core/Src/main.c:170:6:handlSlideToBuzzer	16	static
../Core/Src/main.c:191:6:UpdateEncoder	16	static
../Core/Src/main.c:226:5:HandlAdctoLed	24	static
../Core/Src/main.c:248:6:AHT10_Init	24	static
../Core/Src/main.c:256:6:AHT10_ReadData	24	static
../Core/Src/main.c:292:5:main	72	static
../Core/Src/main.c:417:6:SystemClock_Config	88	static
../Core/Src/main.c:463:13:MX_ADC1_Init	24	static
../Core/Src/main.c:510:13:MX_I2C2_Init	8	static
../Core/Src/main.c:544:13:MX_TIM2_Init	48	static
../Core/Src/main.c:593:13:MX_TIM3_Init	56	static
../Core/Src/main.c:642:13:MX_TIM4_Init	48	static
../Core/Src/main.c:699:13:MX_USART1_UART_Init	8	static
../Core/Src/main.c:732:13:MX_GPIO_Init	40	static
../Core/Src/main.c:805:6:Error_Handler	4	static,ignoring_inline_asm
