../Core/Src/main.c:65:5:_write	32	static
../Core/Src/main.c:84:6:prinLedStatus	16	static
../Core/Src/main.c:100:6:HandleButtons	16	static
../Core/Src/main.c:120:6:HAL_GPIO_EXTI_Callback	16	static
../Core/Src/main.c:126:6:handlSlideSwitch	16	static
../Core/Src/main.c:147:5:main	8	static
../Core/Src/main.c:199:6:SystemClock_Config	72	static
../Core/Src/main.c:236:13:MX_USART1_UART_Init	8	static
../Core/Src/main.c:269:13:MX_GPIO_Init	40	static
../Core/Src/main.c:336:6:Error_Handler	4	static,ignoring_inline_asm
