../Core/Src/main.c:68:5:_write	4
../Core/Src/main.c:87:6:prinLedStatus	3
../Core/Src/main.c:103:6:HandleButtons	6
../Core/Src/main.c:123:6:HAL_GPIO_EXTI_Callback	1
../Core/Src/main.c:129:6:handlSlideSwitch	2
../Core/Src/main.c:143:6:handlSlideToBuzzer	1
../Core/Src/main.c:164:6:Buzzer_SetDuty	2
../Core/Src/main.c:177:5:main	1
../Core/Src/main.c:230:6:SystemClock_Config	3
../Core/Src/main.c:269:13:MX_TIM2_Init	4
../Core/Src/main.c:318:13:MX_USART1_UART_Init	2
../Core/Src/main.c:351:13:MX_GPIO_Init	1
../Core/Src/main.c:424:6:Error_Handler	1
