../Core/Src/main.c:70:5:_write	32	static
../Core/Src/main.c:89:6:prinLedStatus	16	static
../Core/Src/main.c:105:6:HandleButtons	16	static
../Core/Src/main.c:125:6:HAL_GPIO_EXTI_Callback	16	static
../Core/Src/main.c:131:6:handlSlideSwitch	16	static
../Core/Src/main.c:145:6:RGB_SetColor	16	static
../Core/Src/main.c:152:6:Buzzer_SetDuty	16	static
../Core/Src/main.c:159:6:handlSlideToBuzzer	16	static
../Core/Src/main.c:181:5:main	8	static
../Core/Src/main.c:249:6:SystemClock_Config	72	static
../Core/Src/main.c:288:13:MX_TIM2_Init	48	static
../Core/Src/main.c:337:13:MX_TIM4_Init	48	static
../Core/Src/main.c:400:13:MX_USART1_UART_Init	8	static
../Core/Src/main.c:433:13:MX_GPIO_Init	40	static
../Core/Src/main.c:506:6:Error_Handler	4	static,ignoring_inline_asm
