../Core/Src/main.c:68:5:_write	32	static
../Core/Src/main.c:87:6:prinLedStatus	16	static
../Core/Src/main.c:103:6:HandleButtons	16	static
../Core/Src/main.c:123:6:HAL_GPIO_EXTI_Callback	16	static
../Core/Src/main.c:129:6:handlSlideSwitch	16	static
../Core/Src/main.c:143:6:handlSlideToBuzzer	4	static
../Core/Src/main.c:164:6:Buzzer_SetDuty	16	static
../Core/Src/main.c:177:5:main	8	static
../Core/Src/main.c:230:6:SystemClock_Config	72	static
../Core/Src/main.c:269:13:MX_TIM2_Init	48	static
../Core/Src/main.c:318:13:MX_USART1_UART_Init	8	static
../Core/Src/main.c:351:13:MX_GPIO_Init	40	static
../Core/Src/main.c:424:6:Error_Handler	4	static,ignoring_inline_asm
