../Core/Src/main.c:70:5:_write	4
../Core/Src/main.c:89:6:prinLedStatus	3
../Core/Src/main.c:105:6:HandleButtons	6
../Core/Src/main.c:125:6:HAL_GPIO_EXTI_Callback	1
../Core/Src/main.c:131:6:handlSlideSwitch	2
../Core/Src/main.c:145:6:RGB_SetColor	1
../Core/Src/main.c:152:6:Buzzer_SetDuty	2
../Core/Src/main.c:159:6:handlSlideToBuzzer	2
../Core/Src/main.c:181:5:main	1
../Core/Src/main.c:249:6:SystemClock_Config	3
../Core/Src/main.c:288:13:MX_TIM2_Init	4
../Core/Src/main.c:337:13:MX_TIM4_Init	7
../Core/Src/main.c:400:13:MX_USART1_UART_Init	2
../Core/Src/main.c:433:13:MX_GPIO_Init	1
../Core/Src/main.c:506:6:Error_Handler	1
