../Core/Src/main.c:84:5:_write	32	static
../Core/Src/main.c:103:6:prinLedStatus	16	static
../Core/Src/main.c:119:6:HandleButtons	16	static
../Core/Src/main.c:139:6:HAL_GPIO_EXTI_Callback	16	static
../Core/Src/main.c:145:6:handlSlideSwitch	16	static
../Core/Src/main.c:159:6:RGB_SetColor	16	static
../Core/Src/main.c:166:6:Buzzer_SetDuty	16	static
../Core/Src/main.c:173:6:handlSlideToBuzzer	16	static
../Core/Src/main.c:194:6:UpdateEncoder	16	static
../Core/Src/main.c:229:5:HandlAdctoLed	24	static
../Core/Src/main.c:251:6:AHT10_Init	24	static
../Core/Src/main.c:259:6:AHT10_ReadData	24	static
../Core/Src/main.c:307:20:EEPROM_CS_Enable	8	static
../Core/Src/main.c:312:20:EEPROM_CS_Disable	8	static
../Core/Src/main.c:317:13:EEPROM_CheckReady	16	static
../Core/Src/main.c:326:13:EEPROM_WaitReady	16	static
../Core/Src/main.c:338:6:EEPROM_EWEN	16	static
../Core/Src/main.c:347:6:EEPROM_EWDS	16	static
../Core/Src/main.c:357:10:extract_16bit_value	16	static
../Core/Src/main.c:363:10:EEPROM_ReadWord	32	static
../Core/Src/main.c:381:6:EEPROM_WriteWord	32	static
../Core/Src/main.c:421:6:FM25F01C_CS_Low	8	static
../Core/Src/main.c:425:6:FM25F01C_CS_High	8	static
../Core/Src/main.c:431:6:FM25F01C_WriteEnable	16	static
../Core/Src/main.c:438:6:FM25F01C_WriteDisable	16	static
../Core/Src/main.c:445:9:FM25F01C_ReadStatusRegister	16	static
../Core/Src/main.c:455:6:FM25F01C_WaitForWriteComplete	8	static
../Core/Src/main.c:459:6:FM25F01C_PageProgram	32	static
../Core/Src/main.c:474:6:FM25F01C_ReadData	32	static
../Core/Src/main.c:499:5:main	120	static
../Core/Src/main.c:667:6:SystemClock_Config	88	static
../Core/Src/main.c:713:13:MX_ADC1_Init	24	static
../Core/Src/main.c:760:13:MX_I2C2_Init	8	static
../Core/Src/main.c:794:13:MX_SPI2_Init	8	static
../Core/Src/main.c:832:13:MX_TIM2_Init	48	static
../Core/Src/main.c:881:13:MX_TIM3_Init	56	static
../Core/Src/main.c:930:13:MX_TIM4_Init	48	static
../Core/Src/main.c:987:13:MX_USART1_UART_Init	8	static
../Core/Src/main.c:1020:13:MX_GPIO_Init	40	static
../Core/Src/main.c:1117:6:Error_Handler	4	static,ignoring_inline_asm
