../Core/Src/main.c:75:5:_write	4
../Core/Src/main.c:94:6:prinLedStatus	3
../Core/Src/main.c:110:6:HandleButtons	6
../Core/Src/main.c:130:6:HAL_GPIO_EXTI_Callback	1
../Core/Src/main.c:136:6:handlSlideSwitch	2
../Core/Src/main.c:150:6:RGB_SetColor	1
../Core/Src/main.c:157:6:Buzzer_SetDuty	2
../Core/Src/main.c:164:6:handlSlideToBuzzer	2
../Core/Src/main.c:185:6:UpdateEncoder	7
../Core/Src/main.c:220:5:HandlAdctoLed	2
../Core/Src/main.c:236:5:main	1
../Core/Src/main.c:318:6:SystemClock_Config	4
../Core/Src/main.c:364:13:MX_ADC1_Init	3
../Core/Src/main.c:411:13:MX_TIM2_Init	4
../Core/Src/main.c:460:13:MX_TIM3_Init	3
../Core/Src/main.c:509:13:MX_TIM4_Init	6
../Core/Src/main.c:566:13:MX_USART1_UART_Init	2
../Core/Src/main.c:599:13:MX_GPIO_Init	1
../Core/Src/main.c:672:6:Error_Handler	1
