../Core/Src/main.c:75:5:_write	32	static
../Core/Src/main.c:94:6:prinLedStatus	16	static
../Core/Src/main.c:110:6:HandleButtons	16	static
../Core/Src/main.c:130:6:HAL_GPIO_EXTI_Callback	16	static
../Core/Src/main.c:136:6:handlSlideSwitch	16	static
../Core/Src/main.c:150:6:RGB_SetColor	16	static
../Core/Src/main.c:157:6:Buzzer_SetDuty	16	static
../Core/Src/main.c:164:6:handlSlideToBuzzer	16	static
../Core/Src/main.c:185:6:UpdateEncoder	16	static
../Core/Src/main.c:220:5:HandlAdctoLed	24	static
../Core/Src/main.c:236:5:main	16	static
../Core/Src/main.c:318:6:SystemClock_Config	88	static
../Core/Src/main.c:364:13:MX_ADC1_Init	24	static
../Core/Src/main.c:411:13:MX_TIM2_Init	48	static
../Core/Src/main.c:460:13:MX_TIM3_Init	56	static
../Core/Src/main.c:509:13:MX_TIM4_Init	48	static
../Core/Src/main.c:566:13:MX_USART1_UART_Init	8	static
../Core/Src/main.c:599:13:MX_GPIO_Init	40	static
../Core/Src/main.c:672:6:Error_Handler	4	static,ignoring_inline_asm
